// Jest Snapshot v1, https://goo.gl/fbAQLP

exports[`<AboutRoute /> renders 1`] = `
<div
  style={
    Object {
      "textAlign": "center",
    }
  }
>
  <Helmet
    defer={true}
    encodeSpecialCharacters={true}
  >
    <title>
      About
    </title>
  </Helmet>
  <p>
    Produced with
     
    <span
      aria-label="heart"
      role="img"
    >
      ❤️
    </span>
  </p>
  <p>
    View our contributors list on our
     
    <a
      href="https://github.com/ctrlplusb/react-universally"
    >
      GitHub
    </a>
     
    page.
  </p>
</div>
`;
